compound_key,compound_value,max,min,mean,stdev
trp,3.0,1.0,1.0,1.0,0.0
iam_1,0.0,0.0,0.0,0.0,0.0
iaa,0.137588,0.137588,0.0,0.045863,0.079436
ipa_1,0.739414,0.739414,0.0,0.246471,0.426901
ipa_2,0.0,0.0,0.0,0.0,0.0
tam_1,0.265047,0.265047,0.0,0.088349,0.153025
iaox,0.0,0.0,0.0,0.0,0.0
ian_1,0.0,0.0,0.0,0.0,0.0
