compound_key,compound_value,max,min,mean,stdev
trp,3.0,1.0,1.0,1.0,0.0
iam_1,0.0,0.0,0.0,0.0,0.0
iaa,0.137588,0.137588,0.0,0.04586266666666666,0.07943646883726223
ipa_1,0.739414,0.739414,0.0,0.24647133333333335,0.426900871942578
ipa_2,0.0,0.0,0.0,0.0,0.0
tam_1,0.265047,0.265047,0.0,0.088349,0.15302495679790273
iaox,0.0,0.0,0.0,0.0,0.0
ian_1,0.0,0.0,0.0,0.0,0.0
