species,score
species2,0.137588
species1,0.0
species3,0.0
